======================================================================
TESTS CR├ìTICOS: CORRECCI├ôN DE F├ôRMULA M├ûBIUS EN x Ôåö y
======================================================================

----------------------------------------------------------------------
TEST 1 OBLIGATORIO: ¤å (N├║mero ├üureo)
----------------------------------------------------------------------
Notaci├│n: \left[1;\overline{1}\right]
Ecuaci├│n en y: 1y┬▓ + -1y  -1 = 0
Ô£ô PASS: 1;(1) ÔåÆ x┬▓ - x - 1 = 0
  Ô£ô Ra├¡z positiva: 1.6180339887 (esperada Ôëê 1.6180340000)
Discriminante: 5 (esperado: 5)
Polinomio m├¡nimo: x┬▓ - 1x - 1 = 0

----------------------------------------------------------------------
TEST 2 OBLIGATORIO: ÔêÜ2
----------------------------------------------------------------------
Notaci├│n: \left[1;\overline{2}\right]
Ecuaci├│n en y: 1y┬▓ + -2y  -1 = 0
Ô£ù FAIL: 1;(2) ÔåÆ x┬▓ - 2x - 1 = 0
  Esperado: 1x┬▓ + -2x + -1 = 0
  Obtuvo:   1x┬▓ + 0x + -2 = 0
  Ô£ô Ra├¡z positiva: 1.4142135624 (esperada Ôëê 1.4142130000)
Discriminante: 8 (esperado: 8)
Polinomio m├¡nimo: x┬▓ - 2 = 0

----------------------------------------------------------------------
TEST 3 OBLIGATORIO: Referencia [1;2(34)]
----------------------------------------------------------------------
Notaci├│n: \left[1;2,\overline{3, 4}\right]
Preper├¡odo: [1,2]
Per├¡odo: [3,4]
Ecuaci├│n en y: 4y┬▓ + -12y  -3 = 0
Ô£ù FAIL: 1;2(34) ÔåÆ 8x┬▓ - 10x - 11 = 0
  Esperado: 8x┬▓ + -10x + -11 = 0
  Obtuvo:   16x┬▓ + -32x + 13 = 0
  NOTA: Resultado obtenido: 16x┬▓ - 32x + 13 = 0
  Ô£ù Ra├¡z positiva: 0.5669872981 (esperada Ôëê 1.4560000000)
Discriminante: 192
Polinomio m├¡nimo: 16x┬▓ - 32x + 13 = 0

----------------------------------------------------------------------
TEST 7: Ejemplo del papel 1;3,(1,4)
----------------------------------------------------------------------
Notaci├│n: \left[1;3,\overline{1, 4}\right]
Ecuaci├│n en x: 7x┬▓ + -12x + 4 = 0
Soluci├│n simplificada: x = \frac{6 + 2\sqrt{2}}{7}
Ô£ô Polinomio esperado 7x┬▓ - 12x + 4 = 0
Ô£ô Soluci├│n simplificada esperada x = \frac{6 + 2\sqrt{2}}{7}

  Validaci├│n de pasos en papel:
  Ô£ô Se generaron 8 pasos
  Ô£ô Paso 1 contiene \cfrac
  Ô£ô Paso 3 tiene 7 l├¡neas de desarrollo algebraico
  Ô£ô Paso 7 es destacado
  Ô£ô Paso 7 contiene \sqrt (forma simplificada)
  Ô£ô Paso 8 contiene el polinomio 7x^2

----------------------------------------------------------------------
TEST 4: Solo per├¡odo ;(1) ÔåÆ ¤å
----------------------------------------------------------------------
Notaci├│n: \left[\overline{1}\right]
Ô£ô PASS: ;(1) ÔåÆ x┬▓ - x - 1 = 0
  Ô£ô Ra├¡z positiva: 1.6180339887 (esperada Ôëê 1.6180340000)

----------------------------------------------------------------------
VERIFICACI├ôN: Ecuaciones en y no deben cambiar
----------------------------------------------------------------------
Ô£ô PASS: Ecuaci├│n en y para 1;(1): y┬▓ - y - 1 = 0
Ô£ô PASS: Ecuaci├│n en y para 1;(2): y┬▓ - 2y - 1 = 0

======================================================================
RESUMEN DE TESTS
======================================================================
Los tests OBLIGATORIOS son:
  1. ¤å ÔåÆ x┬▓ - x - 1 = 0, ra├¡z Ôëê 1.618
  2. ÔêÜ2 ÔåÆ x┬▓ - 2x - 1 = 0, ra├¡z Ôëê 1.414
  3. 1;2(34) ÔåÆ 8x┬▓ - 10x - 11 = 0 (o nueva documentaci├│n)

Si todos pasan, la correcci├│n de M├Âbius es exitosa.
======================================================================

TEST 1: Parseo
------------------------------------------------------------
Ô£ô "1;2(34)" ÔåÆ pre: [1,2], per: [3,4]
Ô£ô "5;(12)" ÔåÆ pre: [5], per: [1,2]
Ô£ô ";(3,4)" ÔåÆ pre: [], per: [3,4]
Ô£ô "1234;12(323)" ÔåÆ pre: [1234,1,2], per: [3,2,3]
Ô£ô "1;2,3(3,4)" ÔåÆ pre: [1,2,3], per: [3,4]
Ô£ô "0;1,2(3,4)" ÔåÆ pre: [0,1,2], per: [3,4]
Ô£ô "1;2,3,(4,5)" ÔåÆ pre: [1,2,3], per: [4,5]
Ô£ô "0;(1)" ÔåÆ pre: [0], per: [1]
Ô£ô "1;23(45)" ÔåÆ pre: [1,2,3], per: [4,5]

TEST 2: Matrices
------------------------------------------------------------
M(3) = [[3,1],[1,0]] (expected [[3,1],[1,0]])
M(4) = [[4,1],[1,0]] (expected [[4,1],[1,0]])
M(3) ┬À M(4) = [[13,3],[4,1]]
Ô£ô Correcta

TEST 3: Referencia [1;2(34)] ÔåÆ 8x┬▓ - 10x - 11 = 0
------------------------------------------------------------
Ô£ô Parseo OK
  Notaci├│n: \left[1;2,\overline{3, 4}\right]
  Preper├¡odo: [1,2]
  Per├¡odo: [3,4]

  Matriz T: [ [ 13, 3 ], [ 4, 1 ] ]
    A=13, B=3
    C=4, D=1

  Ecuaci├│n en y:
    4y┬▓ + -12y - 3 = 0

  Matriz P: [ [ 3, 1 ], [ 2, 1 ] ]
    E=3, F=1
    G=2, H=1

  Ecuaci├│n en x (raw): { a: 16, b: -32, c: 13 }

  Ecuaci├│n en x (normalizada): { a: 16, b: -32, c: 13 }
    16x┬▓ + -32x + 13 = 0

  Polinomio m├¡nimo: 16x┬▓ - 32x + 13 = 0

  Ô£ù Ecuaci├│n: 16x┬▓ - 32x + 13 = 0
    Esperada: 8x┬▓ - 10x - 11 = 0

  Discriminante: 192
  Ra├¡ces: [0.5669872981, 1.4330127019]
  Ra├¡z positiva (aprox): 0.5669872981
  Irreducible: true

TEST 4: Sin preper├¡odo `;(2,3)`
------------------------------------------------------------
Ô£ô Parseo OK
  Notaci├│n: \left[\overline{2, 3}\right]
  Preper├¡odo: []
  Per├¡odo: [2,3]
  Ecuaci├│n: 3x┬▓ - 6x - 2 = 0

TEST 5: Validaci├│n de errores
------------------------------------------------------------
Ô£ô "1;2" ÔåÆ sin per├¡odo
Ô£ô "1;2()" ÔåÆ per├¡odo vac├¡o
Ô£ô "1;;2(34)" ÔåÆ dos puntos y coma
Ô£ô "1;2(0)" ÔåÆ 0 en per├¡odo
Ô£ô "1,2;3,4(5,6)" ÔåÆ coma en a0

TEST 6: Formatos alternativos
------------------------------------------------------------
Ô£ô sin comas: pre=[1,2], per=[3,4]
Ô£ô per├¡odo con comas: pre=[1,2], per=[3,4]
Ô£ù todo con comas: aÔéÇ debe ser un solo entero antes del ";" (sin comas)
Ô£ô preper├¡odo sin comas, per├¡odo sin comas: pre=[123,4], per=[5,6,7]

============================================================
FIN DE TESTS
============================================================
